$ git checkout main
Switched to branch 'main'
Your branch is up to date with 'origin/main'.

$ git merge bug-fix
Updating ad95b0a..87bc895
Fast-forward
 README.md | 2 +-
 1 file changed, 1 insertion(+), 1 deletion(-)

$ git log --graph --oneline --all
* 87bc895 Update README.md author
| *   6958ffe Merge branch 'bug-fix-typo' into feature-update
| |\
| | * 22aff2f Fix typo: Addtional -> Additional
| |/
|/|
| * 399d861 Add GitHub username to simple-interest.sh
|/
* ad95b0a Create close_pr.yml
* 13af262 Create feature_request.md
* cd5f237 Create bug_report.md
* cdeb355 Create CODE_OF_CONDUCT.md
* 3f7857c Create CONTRIBUTING.md
* 2a3b643 Create simple-interest.sh
* f4e5aa3 Create compound_interest.py
* d8324ad Update README.md
* 484d879 Initial commit
